// Jest Snapshot v1, https://goo.gl/fbAQLP

exports[`CardsView should render correctly in "debug" mode 1`] = `
<CardsView
  classes={
    Object {
      "control": "CardsView-control-2",
      "root": "CardsView-root-1",
    }
  }
  debug={true}
/>
`;
