// Jest Snapshot v1, https://goo.gl/fbAQLP

exports[`Pagination should render correctly 1`] = `
<Pagination
  classes={
    Object {
      "button": "Pagination-button-1",
      "container": "Pagination-container-2",
    }
  }
/>
`;
